make[1]: Entering directory '/home/paranthapa/Documents/aligner_repo-main/tb/sim'
[Compiling...]
QuestaSim-64 vmap 2021.2_1 Lib Mapping Utility 2021.05 May 15 2021
vmap work work 
Modifying modelsim.ini
QuestaSim-64 vlog 2021.2_1 Compiler 2021.05 May 15 2021
** Warning: (vlog-13379) The use of compiler option -linedebug is deprecated. This option will be removed in future releases.
Start time: 14:36:25 on Jul 03,2026
vlog -sv -cover bcest -linedebug -assertdebug -work work ../../rtl/design.sv ../top/testbench.sv "+acc" "+define+QUESTA" "+incdir+../../rtl" "+incdir+../top" 
-- Compiling module cfs_synch
-- Compiling module cfs_synch_fifo
-- Compiling module cfs_rx_ctrl
-- Compiling module cfs_ctrl
-- Compiling module cfs_tx_ctrl
-- Compiling module cfs_edge_detect
-- Compiling module cfs_regs
-- Compiling module cfs_aligner_core
-- Compiling module cfs_aligner
** Note: (vlog-2286) ../test/cfs_algn_test_pkg.sv(10): Using implicit +incdir+/home/paranthapa/Downloads/questasim/uvm-1.1d/../verilog_src/uvm-1.1d/src from import uvm_pkg
-- Compiling package uvm_ext_pkg
-- Importing package mtiUvm.uvm_pkg (uvm-1.1d Built-in)
-- Compiling interface cfs_apb_if
-- Compiling package cfs_apb_pkg
-- Importing package uvm_ext_pkg
-- Compiling interface cfs_md_if
-- Compiling package cfs_md_pkg
-- Compiling package cfs_algn_reg_pkg
-- Compiling interface cfs_algn_if
-- Compiling package cfs_algn_pkg
-- Importing package cfs_apb_pkg
-- Importing package cfs_md_pkg
-- Importing package cfs_algn_reg_pkg
-- Compiling package cfs_algn_test_pkg
-- Importing package cfs_algn_pkg
-- Compiling module testbench
-- Importing package cfs_algn_test_pkg

Top level modules:
	testbench
End time: 14:36:26 on Jul 03,2026, Elapsed time: 0:00:01
Errors: 0, Warnings: 1
[Running Simulation with TESTNAME=cfs_algn_clock_reset_during_apb_access...]
Reading pref.tcl

# 2021.2_1

# vsim -coverage -voptargs="+acc" -c work.testbench "+UVM_TESTNAME=cfs_algn_clock_reset_during_apb_access" "+sv_seed=265509090" "+UVM_MAX_QUIT_COUNT=1" "+access" "+rw" -f messages.f -do "do ../../tb/sim/toggle_exclude.do; coverage save -onexit ./ucdb/cfs_algn_clock_reset_during_apb_access.ucdb; run -all; quit;" 
# Start time: 14:36:28 on Jul 03,2026
# ** Note: (vsim-3812) Design is being optimized...
# ** Warning: (vopt-13408) Code coverage will be disabled for some DUs/packages/classes and source files.
# ** Warning: ../agent_md/cfs_md_sequencer_base.sv(16): (vopt-2250) Function "get_data_width" has no return value assignment.
# ** Note: (vsim-12126) Error and warning message counts have been restored: Errors=0, Warnings=2.
# //  Questa Sim-64
# //  Version 2021.2_1 linux_x86_64 May 15 2021
# //
# //  Copyright 1991-2021 Mentor Graphics Corporation
# //  All Rights Reserved.
# //
# //  QuestaSim and its associated documentation contain trade
# //  secrets and commercial or financial information that are the property of
# //  Mentor Graphics Corporation and are privileged, confidential,
# //  and exempt from disclosure under the Freedom of Information Act,
# //  5 U.S.C. Section 552. Furthermore, this information
# //  is prohibited from disclosure under the Trade Secrets Act,
# //  18 U.S.C. Section 1905.
# //
# Loading sv_std.std
# Loading work.cfs_algn_if(fast)
# Loading work.cfs_apb_if(fast)
# Loading work.cfs_md_if(fast)
# Loading mtiUvm.uvm_pkg(fast)
# Loading work.cfs_algn_reg_pkg(fast)
# Loading work.uvm_ext_pkg(fast)
# Loading work.cfs_md_pkg(fast)
# Loading work.cfs_apb_pkg(fast)
# Loading work.cfs_algn_pkg(fast)
# Loading work.cfs_algn_test_pkg(fast)
# Loading mtiUvm.questa_uvm_pkg(fast)
# Loading work.testbench(fast)
# Loading work.cfs_apb_if(fast__2)
# Loading work.cfs_md_if(fast__2)
# Loading work.cfs_algn_if(fast__2)
# Loading work.cfs_aligner(fast)
# Loading work.cfs_aligner_core(fast)
# Loading work.cfs_rx_ctrl(fast)
# Loading work.cfs_synch(fast)
# Loading work.cfs_synch_fifo(fast)
# Loading work.cfs_tx_ctrl(fast)
# Loading work.cfs_ctrl(fast)
# Loading work.cfs_regs(fast)
# Loading work.cfs_edge_detect(fast)
# Loading work.cfs_edge_detect(fast__1)
# Loading /home/paranthapa/Downloads/questasim/uvm-1.1d/linux_x86_64/uvm_dpi.so
# do ../../tb/sim/toggle_exclude.do
# ** Warning: -comment options is supported in post simulation viewcov mode only, ignoring it.
# ** Warning: -comment options is supported in post simulation viewcov mode only, ignoring it.
# ** Warning: -comment options is supported in post simulation viewcov mode only, ignoring it.
# ** Warning: -comment options is supported in post simulation viewcov mode only, ignoring it.
# ** Warning: -comment options is supported in post simulation viewcov mode only, ignoring it.
#  coverage save -onexit ./ucdb/cfs_algn_clock_reset_during_apb_access.ucdb
#  run -all
# ----------------------------------------------------------------
# UVM-1.1d
# (C) 2007-2013 Mentor Graphics Corporation
# (C) 2007-2013 Cadence Design Systems, Inc.
# (C) 2006-2013 Synopsys, Inc.
# (C) 2011-2013 Cypress Semiconductor Corp.
# ----------------------------------------------------------------
# 
#   ***********       IMPORTANT RELEASE NOTES         ************
# 
#   You are using a version of the UVM library that has been compiled
#   with `UVM_NO_DEPRECATED undefined.
#   See http://www.eda.org/svdb/view.php?id=3313 for more details.
# 
#   You are using a version of the UVM library that has been compiled
#   with `UVM_OBJECT_MUST_HAVE_CONSTRUCTOR undefined.
#   See http://www.eda.org/svdb/view.php?id=3770 for more details.
# 
#       (Specify +UVM_NO_RELNOTES to turn off this notice)
# 
# UVM_INFO verilog_src/questa_uvm_pkg-1.2/src/questa_uvm_pkg.sv(277) @ 0: reporter [Questa UVM] QUESTA_UVM-1.2.3
# UVM_INFO verilog_src/questa_uvm_pkg-1.2/src/questa_uvm_pkg.sv(278) @ 0: reporter [Questa UVM]  questa_uvm::init(+struct)
# UVM_INFO @ 0: reporter [RNTST] Running test cfs_algn_clock_reset_during_apb_access...
# UVM_INFO @ 0: reporter [MAXQUITSET] '+UVM_MAX_QUIT_COUNT=1' provided on the command line is being applied.
# ** Warning: (vsim-8556) On evaluating the expression 'binsof(ctrl_size) intersect{ value_list }' inside the select expression of Bin 'ignore_ctrl' of Cross 'all' in Covergroup instance '\/cfs_algn_pkg::cfs_algn_coverage::cover_split ', no matching bins were found. The binsof expression will result in an empty set.
#    Time: 0 ns  Iteration: 7  Region: /uvm_pkg::uvm_phase::m_run_phases
# ** Warning: (vsim-8549) After dropping the illegal, ignore or invalid values, the values list associated with scalar bin 'length_eq_2' in Coverpoint 'length' of Covergroup instance '\/cfs_apb_pkg::cfs_apb_coverage::cover_item ' has converged to empty list. The bin will be taken out of coverage calculation.
#    Time: 0 ns  Iteration: 7  Region: /uvm_pkg::uvm_phase::m_run_phases
# ** Warning: (vsim-8547) After dropping the illegal, ignore or invalid values, the values list associated with fixed-size array sub bin 'length_le_10[1]' in Coverpoint 'length' of Covergroup instance '\/cfs_apb_pkg::cfs_apb_coverage::cover_item ' has converged to empty list. The sub bin will be taken out of coverage calculation.
#    Time: 0 ns  Iteration: 7  Region: /uvm_pkg::uvm_phase::m_run_phases
# ** Warning: (vsim-8547) After dropping the illegal, ignore or invalid values, the values list associated with fixed-size array sub bin 'length_le_10[2]' in Coverpoint 'length' of Covergroup instance '\/cfs_apb_pkg::cfs_apb_coverage::cover_item ' has converged to empty list. The sub bin will be taken out of coverage calculation.
#    Time: 0 ns  Iteration: 7  Region: /uvm_pkg::uvm_phase::m_run_phases
# ** Warning: (vsim-8547) After dropping the illegal, ignore or invalid values, the values list associated with fixed-size array sub bin 'length_le_10[3]' in Coverpoint 'length' of Covergroup instance '\/cfs_apb_pkg::cfs_apb_coverage::cover_item ' has converged to empty list. The sub bin will be taken out of coverage calculation.
#    Time: 0 ns  Iteration: 7  Region: /uvm_pkg::uvm_phase::m_run_phases
# ** Warning: (vsim-8547) After dropping the illegal, ignore or invalid values, the values list associated with fixed-size array sub bin 'length_le_10[4]' in Coverpoint 'length' of Covergroup instance '\/cfs_apb_pkg::cfs_apb_coverage::cover_item ' has converged to empty list. The sub bin will be taken out of coverage calculation.
#    Time: 0 ns  Iteration: 7  Region: /uvm_pkg::uvm_phase::m_run_phases
# ** Warning: (vsim-8547) After dropping the illegal, ignore or invalid values, the values list associated with fixed-size array sub bin 'length_le_10[5]' in Coverpoint 'length' of Covergroup instance '\/cfs_apb_pkg::cfs_apb_coverage::cover_item ' has converged to empty list. The sub bin will be taken out of coverage calculation.
#    Time: 0 ns  Iteration: 7  Region: /uvm_pkg::uvm_phase::m_run_phases
# ** Warning: (vsim-8547) After dropping the illegal, ignore or invalid values, the values list associated with fixed-size array sub bin 'length_le_10[6]' in Coverpoint 'length' of Covergroup instance '\/cfs_apb_pkg::cfs_apb_coverage::cover_item ' has converged to empty list. The sub bin will be taken out of coverage calculation.
#    Time: 0 ns  Iteration: 7  Region: /uvm_pkg::uvm_phase::m_run_phases
# ** Warning: (vsim-8547) After dropping the illegal, ignore or invalid values, the values list associated with fixed-size array sub bin 'length_le_10[7]' in Coverpoint 'length' of Covergroup instance '\/cfs_apb_pkg::cfs_apb_coverage::cover_item ' has converged to empty list. The sub bin will be taken out of coverage calculation.
#    Time: 0 ns  Iteration: 7  Region: /uvm_pkg::uvm_phase::m_run_phases
# ** Warning: (vsim-8549) After dropping the illegal, ignore or invalid values, the values list associated with scalar bin 'length_gt_10' in Coverpoint 'length' of Covergroup instance '\/cfs_apb_pkg::cfs_apb_coverage::cover_item ' has converged to empty list. The bin will be taken out of coverage calculation.
#    Time: 0 ns  Iteration: 7  Region: /uvm_pkg::uvm_phase::m_run_phases
# ** Warning: (vsim-12051) Illegal assignment in cast to class work.cfs_md_pkg::cfs_md_sequencer_base_master from class work.uvm_ext_pkg::uvm_ext_sequencer #(class work.cfs_md_pkg::cfs_md_item_drv_master)
#    Time: 0 ns  Iteration: 32  Process: /uvm_pkg::uvm_phase::m_run_phases/#FORK#1847_7fefe426f1d File: ../env/cfs_algn_env.sv Line: 129
# ** Warning: (vsim-12051) Illegal assignment in cast to class work.cfs_md_pkg::cfs_md_sequencer_base_slave from class work.uvm_ext_pkg::uvm_ext_sequencer #(class work.cfs_md_pkg::cfs_md_item_drv_slave)
#    Time: 0 ns  Iteration: 32  Process: /uvm_pkg::uvm_phase::m_run_phases/#FORK#1847_7fefe426f1d File: ../env/cfs_algn_env.sv Line: 130
# UVM_INFO verilog_src/uvm-1.1d/src/reg/uvm_reg_predictor.svh(218) @ 155: uvm_test_top.env.predictor [REG_PREDICT] Observed WRITE transaction to register reg_block.CTRL: value='h2 : updated value = 'h2
# ** Error: PENABLE at "Setup Phase" is not equal to 0
#    Time: 165 ns Started: 165 ns  Scope: testbench.apb_if.PENABLE_AT_SETUP_PHASE_A File: ../interface/cfs_apb_if.sv Line: 62
# ** Error: PENABLE when exiting "Access Phase" did not became 0
#    Time: 165 ns Started: 155 ns  Scope: testbench.apb_if.PENABLE_EXITING_SETUP_PHASE_A File: ../interface/cfs_apb_if.sv Line: 87
# UVM_INFO verilog_src/uvm-1.1d/src/reg/uvm_reg_predictor.svh(218) @ 175: uvm_test_top.env.predictor [REG_PREDICT] Observed WRITE transaction to register reg_block.CTRL: value='h2 : updated value = 'h2
# ** Error: PENABLE when entering "Access Phase" did not became 1
#    Time: 175 ns Started: 165 ns  Scope: testbench.apb_if.PENABLE_ENTERING_SETUP_PHASE_A File: ../interface/cfs_apb_if.sv Line: 74
# UVM_INFO verilog_src/uvm-1.1d/src/reg/uvm_reg_predictor.svh(218) @ 205: uvm_test_top.env.predictor [REG_PREDICT] Observed WRITE transaction to register reg_block.IRQEN: value='h13 : updated value = 'h13
# ** Error: PENABLE at "Setup Phase" is not equal to 0
#    Time: 215 ns Started: 215 ns  Scope: testbench.apb_if.PENABLE_AT_SETUP_PHASE_A File: ../interface/cfs_apb_if.sv Line: 62
# ** Error: PENABLE when exiting "Access Phase" did not became 0
#    Time: 215 ns Started: 205 ns  Scope: testbench.apb_if.PENABLE_EXITING_SETUP_PHASE_A File: ../interface/cfs_apb_if.sv Line: 87
# UVM_INFO verilog_src/uvm-1.1d/src/reg/uvm_reg_predictor.svh(218) @ 225: uvm_test_top.env.predictor [REG_PREDICT] Observed WRITE transaction to register reg_block.IRQEN: value='h13 : updated value = 'h13
# ** Error: PENABLE when entering "Access Phase" did not became 1
#    Time: 225 ns Started: 215 ns  Scope: testbench.apb_if.PENABLE_ENTERING_SETUP_PHASE_A File: ../interface/cfs_apb_if.sv Line: 74
# UVM_INFO verilog_src/uvm-1.1d/src/reg/uvm_reg_predictor.svh(218) @ 315: uvm_test_top.env.predictor [REG_PREDICT] Observed WRITE transaction to register reg_block.IRQ: value='hd : updated value = 'h0
# ** Error: PENABLE at "Setup Phase" is not equal to 0
#    Time: 325 ns Started: 325 ns  Scope: testbench.apb_if.PENABLE_AT_SETUP_PHASE_A File: ../interface/cfs_apb_if.sv Line: 62
# ** Error: PENABLE when exiting "Access Phase" did not became 0
#    Time: 325 ns Started: 315 ns  Scope: testbench.apb_if.PENABLE_EXITING_SETUP_PHASE_A File: ../interface/cfs_apb_if.sv Line: 87
# UVM_INFO verilog_src/uvm-1.1d/src/reg/uvm_reg_predictor.svh(218) @ 335: uvm_test_top.env.predictor [REG_PREDICT] Observed WRITE transaction to register reg_block.IRQ: value='hd : updated value = 'h0
# ** Error: PENABLE when entering "Access Phase" did not became 1
#    Time: 335 ns Started: 325 ns  Scope: testbench.apb_if.PENABLE_ENTERING_SETUP_PHASE_A File: ../interface/cfs_apb_if.sv Line: 74
# UVM_INFO ../test/directed_tests/cfs_algn_clock_reset_during_apb_access.sv(63) @ 360: uvm_test_top [RESET_TEST] psel=1 detected; triggering reset...
# UVM_INFO ../test/directed_tests/cfs_algn_clock_reset_during_apb_access.sv(70) @ 560: uvm_test_top [RESET_TEST] Reset deasserted
# UVM_INFO verilog_src/uvm-1.1d/src/reg/uvm_reg_predictor.svh(218) @ 645: uvm_test_top.env.predictor [REG_PREDICT] Observed WRITE transaction to register reg_block.CTRL: value='h4 : updated value = 'h4
# ** Error: PENABLE at "Setup Phase" is not equal to 0
#    Time: 655 ns Started: 655 ns  Scope: testbench.apb_if.PENABLE_AT_SETUP_PHASE_A File: ../interface/cfs_apb_if.sv Line: 62
# ** Error: PENABLE when exiting "Access Phase" did not became 0
#    Time: 655 ns Started: 645 ns  Scope: testbench.apb_if.PENABLE_EXITING_SETUP_PHASE_A File: ../interface/cfs_apb_if.sv Line: 87
# UVM_INFO verilog_src/uvm-1.1d/src/reg/uvm_reg_predictor.svh(218) @ 665: uvm_test_top.env.predictor [REG_PREDICT] Observed WRITE transaction to register reg_block.CTRL: value='h4 : updated value = 'h4
# ** Error: PENABLE when entering "Access Phase" did not became 1
#    Time: 665 ns Started: 655 ns  Scope: testbench.apb_if.PENABLE_ENTERING_SETUP_PHASE_A File: ../interface/cfs_apb_if.sv Line: 74
# UVM_INFO ../agent_md/cfs_md_monitor.sv(88) @ 855: uvm_test_top.env.md_rx_agent.monitor [ITEM_END] Monitored item: [846..855] data: {'h0d}, size: 1, offset: 0, response: CFS_MD_OKAY, length: 1, prev_item_delay: 28
# UVM_INFO ../model/cfs_algn_model.sv(483) @ 865: uvm_test_top.env.model [SYNC] fifo reg level before pop: 8
# UVM_INFO ../model/cfs_algn_model.sv(765) @ 865: uvm_test_top.env.model [RX_FIFO] RX FIFO pop - new level: 0, popped entry: [846..855] data: {'h0d}, size: 1, offset: 0, response: CFS_MD_OKAY, length: 1, prev_item_delay: 28
# UVM_INFO ../model/cfs_algn_model.sv(258) @ 865: uvm_test_top.env.model [RX_FIFO] RX FIFO became empty - reg_block.IRQEN.RX_FIFO_EMPTY: 0
# UVM_INFO ../agent_md/cfs_md_monitor.sv(88) @ 915: uvm_test_top.env.md_rx_agent.monitor [ITEM_END] Monitored item: [906..915] data: {'he1}, size: 1, offset: 0, response: CFS_MD_OKAY, length: 1, prev_item_delay: 5
# UVM_INFO ../model/cfs_algn_model.sv(483) @ 925: uvm_test_top.env.model [SYNC] fifo reg level before pop: 8
# UVM_INFO ../model/cfs_algn_model.sv(765) @ 925: uvm_test_top.env.model [RX_FIFO] RX FIFO pop - new level: 0, popped entry: [906..915] data: {'he1}, size: 1, offset: 0, response: CFS_MD_OKAY, length: 1, prev_item_delay: 5
# UVM_INFO ../model/cfs_algn_model.sv(258) @ 925: uvm_test_top.env.model [RX_FIFO] RX FIFO became empty - reg_block.IRQEN.RX_FIFO_EMPTY: 0
# UVM_INFO ../agent_md/cfs_md_monitor.sv(88) @ 985: uvm_test_top.env.md_rx_agent.monitor [ITEM_END] Monitored item: [976..985] data: {'h83}, size: 1, offset: 0, response: CFS_MD_OKAY, length: 1, prev_item_delay: 6
# UVM_INFO ../model/cfs_algn_model.sv(483) @ 995: uvm_test_top.env.model [SYNC] fifo reg level before pop: 8
# UVM_INFO ../model/cfs_algn_model.sv(765) @ 995: uvm_test_top.env.model [RX_FIFO] RX FIFO pop - new level: 0, popped entry: [976..985] data: {'h83}, size: 1, offset: 0, response: CFS_MD_OKAY, length: 1, prev_item_delay: 6
# UVM_INFO ../model/cfs_algn_model.sv(258) @ 995: uvm_test_top.env.model [RX_FIFO] RX FIFO became empty - reg_block.IRQEN.RX_FIFO_EMPTY: 0
# UVM_INFO ../agent_md/cfs_md_monitor.sv(88) @ 1025: uvm_test_top.env.md_rx_agent.monitor [ITEM_END] Monitored item: [1016..1025] data: {'h1f}, size: 1, offset: 0, response: CFS_MD_OKAY, length: 1, prev_item_delay: 3
# UVM_INFO ../model/cfs_algn_model.sv(483) @ 1035: uvm_test_top.env.model [SYNC] fifo reg level before pop: 8
# UVM_INFO ../model/cfs_algn_model.sv(765) @ 1035: uvm_test_top.env.model [RX_FIFO] RX FIFO pop - new level: 0, popped entry: [1016..1025] data: {'h1f}, size: 1, offset: 0, response: CFS_MD_OKAY, length: 1, prev_item_delay: 3
# UVM_INFO ../model/cfs_algn_model.sv(855) @ 1035: uvm_test_top.env.model [DEBUG1] md_offset:         0, md_size:         1##########################################################
# UVM_INFO ../model/cfs_algn_model.sv(258) @ 1035: uvm_test_top.env.model [RX_FIFO] RX FIFO became empty - reg_block.IRQEN.RX_FIFO_EMPTY: 0
# UVM_INFO ../model/cfs_algn_model.sv(780) @ 1045: uvm_test_top.env.model [TX_FIFO] TX FIFO push - new level: 1, pushed entry: [846..1025] data: {'h0d, 'he1, 'h83, 'h1f}, size: 4, offset: 0, response: CFS_MD_OKAY, length: 0, prev_item_delay: 0
# UVM_INFO verilog_src/uvm-1.1d/src/base/uvm_objection.svh(1267) @ 1345: reporter [TEST_DONE] 'run' phase is ready to proceed to the 'extract' phase
# 
# --- UVM Report Summary ---
# 
# Quit count :     0 of     1
# ** Report counts by severity
# UVM_INFO :   33
# UVM_WARNING :    0
# UVM_ERROR :    0
# UVM_FATAL :    0
# ** Report counts by id
# [DEBUG1]     1
# [ITEM_END]     4
# [MAXQUITSET]     1
# [Questa UVM]     2
# [REG_PREDICT]     8
# [RESET_TEST]     2
# [RNTST]     1
# [RX_FIFO]     8
# [SYNC]     4
# [TEST_DONE]     1
# [TX_FIFO]     1
# ** Note: $finish    : /home/paranthapa/Downloads/questasim/linux_x86_64/../verilog_src/uvm-1.1d/src/base/uvm_root.svh(430)
#    Time: 1345 ns  Iteration: 54  Instance: /testbench
# Saving coverage database on exit...
# End time: 14:36:36 on Jul 03,2026, Elapsed time: 0:00:08
# Errors: 12, Warnings: 19
make[1]: Leaving directory '/home/paranthapa/Documents/aligner_repo-main/tb/sim'
