make[1]: Entering directory '/home/paranthapa/Documents/aligner_repo-main/tb/sim'
[Compiling...]
QuestaSim-64 vmap 2021.2_1 Lib Mapping Utility 2021.05 May 15 2021
vmap work work 
Modifying modelsim.ini
QuestaSim-64 vlog 2021.2_1 Compiler 2021.05 May 15 2021
** Warning: (vlog-13379) The use of compiler option -linedebug is deprecated. This option will be removed in future releases.
Start time: 14:36:15 on Jul 03,2026
vlog -sv -cover bcest -linedebug -assertdebug -work work ../../rtl/design.sv ../top/testbench.sv "+acc" "+define+QUESTA" "+incdir+../../rtl" "+incdir+../top" 
-- Compiling module cfs_synch
-- Compiling module cfs_synch_fifo
-- Compiling module cfs_rx_ctrl
-- Compiling module cfs_ctrl
-- Compiling module cfs_tx_ctrl
-- Compiling module cfs_edge_detect
-- Compiling module cfs_regs
-- Compiling module cfs_aligner_core
-- Compiling module cfs_aligner
** Note: (vlog-2286) ../test/cfs_algn_test_pkg.sv(10): Using implicit +incdir+/home/paranthapa/Downloads/questasim/uvm-1.1d/../verilog_src/uvm-1.1d/src from import uvm_pkg
-- Compiling package uvm_ext_pkg
-- Importing package mtiUvm.uvm_pkg (uvm-1.1d Built-in)
-- Compiling interface cfs_apb_if
-- Compiling package cfs_apb_pkg
-- Importing package uvm_ext_pkg
-- Compiling interface cfs_md_if
-- Compiling package cfs_md_pkg
-- Compiling package cfs_algn_reg_pkg
-- Compiling interface cfs_algn_if
-- Compiling package cfs_algn_pkg
-- Importing package cfs_apb_pkg
-- Importing package cfs_md_pkg
-- Importing package cfs_algn_reg_pkg
-- Compiling package cfs_algn_test_pkg
-- Importing package cfs_algn_pkg
-- Compiling module testbench
-- Importing package cfs_algn_test_pkg

Top level modules:
	testbench
End time: 14:36:16 on Jul 03,2026, Elapsed time: 0:00:01
Errors: 0, Warnings: 1
[Running Simulation with TESTNAME=cfs_algn_num_bytes...]
Reading pref.tcl

# 2021.2_1

# vsim -coverage -voptargs="+acc" -c work.testbench "+UVM_TESTNAME=cfs_algn_num_bytes" "+sv_seed=96017670" "+UVM_MAX_QUIT_COUNT=1" "+access" "+rw" -f messages.f -do "do ../../tb/sim/toggle_exclude.do; coverage save -onexit ./ucdb/cfs_algn_num_bytes.ucdb; run -all; quit;" 
# Start time: 14:36:18 on Jul 03,2026
# ** Note: (vsim-3812) Design is being optimized...
# ** Warning: (vopt-13408) Code coverage will be disabled for some DUs/packages/classes and source files.
# ** Warning: ../agent_md/cfs_md_sequencer_base.sv(16): (vopt-2250) Function "get_data_width" has no return value assignment.
# ** Note: (vsim-12126) Error and warning message counts have been restored: Errors=0, Warnings=2.
# //  Questa Sim-64
# //  Version 2021.2_1 linux_x86_64 May 15 2021
# //
# //  Copyright 1991-2021 Mentor Graphics Corporation
# //  All Rights Reserved.
# //
# //  QuestaSim and its associated documentation contain trade
# //  secrets and commercial or financial information that are the property of
# //  Mentor Graphics Corporation and are privileged, confidential,
# //  and exempt from disclosure under the Freedom of Information Act,
# //  5 U.S.C. Section 552. Furthermore, this information
# //  is prohibited from disclosure under the Trade Secrets Act,
# //  18 U.S.C. Section 1905.
# //
# Loading sv_std.std
# Loading work.cfs_algn_if(fast)
# Loading work.cfs_apb_if(fast)
# Loading work.cfs_md_if(fast)
# Loading mtiUvm.uvm_pkg(fast)
# Loading work.cfs_algn_reg_pkg(fast)
# Loading work.uvm_ext_pkg(fast)
# Loading work.cfs_md_pkg(fast)
# Loading work.cfs_apb_pkg(fast)
# Loading work.cfs_algn_pkg(fast)
# Loading work.cfs_algn_test_pkg(fast)
# Loading mtiUvm.questa_uvm_pkg(fast)
# Loading work.testbench(fast)
# Loading work.cfs_apb_if(fast__2)
# Loading work.cfs_md_if(fast__2)
# Loading work.cfs_algn_if(fast__2)
# Loading work.cfs_aligner(fast)
# Loading work.cfs_aligner_core(fast)
# Loading work.cfs_rx_ctrl(fast)
# Loading work.cfs_synch(fast)
# Loading work.cfs_synch_fifo(fast)
# Loading work.cfs_tx_ctrl(fast)
# Loading work.cfs_ctrl(fast)
# Loading work.cfs_regs(fast)
# Loading work.cfs_edge_detect(fast)
# Loading work.cfs_edge_detect(fast__1)
# Loading /home/paranthapa/Downloads/questasim/uvm-1.1d/linux_x86_64/uvm_dpi.so
# do ../../tb/sim/toggle_exclude.do
# ** Warning: -comment options is supported in post simulation viewcov mode only, ignoring it.
# ** Warning: -comment options is supported in post simulation viewcov mode only, ignoring it.
# ** Warning: -comment options is supported in post simulation viewcov mode only, ignoring it.
# ** Warning: -comment options is supported in post simulation viewcov mode only, ignoring it.
# ** Warning: -comment options is supported in post simulation viewcov mode only, ignoring it.
#  coverage save -onexit ./ucdb/cfs_algn_num_bytes.ucdb
#  run -all
# ----------------------------------------------------------------
# UVM-1.1d
# (C) 2007-2013 Mentor Graphics Corporation
# (C) 2007-2013 Cadence Design Systems, Inc.
# (C) 2006-2013 Synopsys, Inc.
# (C) 2011-2013 Cypress Semiconductor Corp.
# ----------------------------------------------------------------
# 
#   ***********       IMPORTANT RELEASE NOTES         ************
# 
#   You are using a version of the UVM library that has been compiled
#   with `UVM_NO_DEPRECATED undefined.
#   See http://www.eda.org/svdb/view.php?id=3313 for more details.
# 
#   You are using a version of the UVM library that has been compiled
#   with `UVM_OBJECT_MUST_HAVE_CONSTRUCTOR undefined.
#   See http://www.eda.org/svdb/view.php?id=3770 for more details.
# 
#       (Specify +UVM_NO_RELNOTES to turn off this notice)
# 
# UVM_INFO verilog_src/questa_uvm_pkg-1.2/src/questa_uvm_pkg.sv(277) @ 0: reporter [Questa UVM] QUESTA_UVM-1.2.3
# UVM_INFO verilog_src/questa_uvm_pkg-1.2/src/questa_uvm_pkg.sv(278) @ 0: reporter [Questa UVM]  questa_uvm::init(+struct)
# UVM_INFO @ 0: reporter [RNTST] Running test cfs_algn_num_bytes...
# UVM_INFO @ 0: reporter [MAXQUITSET] '+UVM_MAX_QUIT_COUNT=1' provided on the command line is being applied.
# ** Warning: (vsim-8556) On evaluating the expression 'binsof(ctrl_size) intersect{ value_list }' inside the select expression of Bin 'ignore_ctrl' of Cross 'all' in Covergroup instance '\/cfs_algn_pkg::cfs_algn_coverage::cover_split ', no matching bins were found. The binsof expression will result in an empty set.
#    Time: 0 ns  Iteration: 7  Region: /uvm_pkg::uvm_phase::m_run_phases
# ** Warning: (vsim-8549) After dropping the illegal, ignore or invalid values, the values list associated with scalar bin 'length_eq_2' in Coverpoint 'length' of Covergroup instance '\/cfs_apb_pkg::cfs_apb_coverage::cover_item ' has converged to empty list. The bin will be taken out of coverage calculation.
#    Time: 0 ns  Iteration: 7  Region: /uvm_pkg::uvm_phase::m_run_phases
# ** Warning: (vsim-8547) After dropping the illegal, ignore or invalid values, the values list associated with fixed-size array sub bin 'length_le_10[1]' in Coverpoint 'length' of Covergroup instance '\/cfs_apb_pkg::cfs_apb_coverage::cover_item ' has converged to empty list. The sub bin will be taken out of coverage calculation.
#    Time: 0 ns  Iteration: 7  Region: /uvm_pkg::uvm_phase::m_run_phases
# ** Warning: (vsim-8547) After dropping the illegal, ignore or invalid values, the values list associated with fixed-size array sub bin 'length_le_10[2]' in Coverpoint 'length' of Covergroup instance '\/cfs_apb_pkg::cfs_apb_coverage::cover_item ' has converged to empty list. The sub bin will be taken out of coverage calculation.
#    Time: 0 ns  Iteration: 7  Region: /uvm_pkg::uvm_phase::m_run_phases
# ** Warning: (vsim-8547) After dropping the illegal, ignore or invalid values, the values list associated with fixed-size array sub bin 'length_le_10[3]' in Coverpoint 'length' of Covergroup instance '\/cfs_apb_pkg::cfs_apb_coverage::cover_item ' has converged to empty list. The sub bin will be taken out of coverage calculation.
#    Time: 0 ns  Iteration: 7  Region: /uvm_pkg::uvm_phase::m_run_phases
# ** Warning: (vsim-8547) After dropping the illegal, ignore or invalid values, the values list associated with fixed-size array sub bin 'length_le_10[4]' in Coverpoint 'length' of Covergroup instance '\/cfs_apb_pkg::cfs_apb_coverage::cover_item ' has converged to empty list. The sub bin will be taken out of coverage calculation.
#    Time: 0 ns  Iteration: 7  Region: /uvm_pkg::uvm_phase::m_run_phases
# ** Warning: (vsim-8547) After dropping the illegal, ignore or invalid values, the values list associated with fixed-size array sub bin 'length_le_10[5]' in Coverpoint 'length' of Covergroup instance '\/cfs_apb_pkg::cfs_apb_coverage::cover_item ' has converged to empty list. The sub bin will be taken out of coverage calculation.
#    Time: 0 ns  Iteration: 7  Region: /uvm_pkg::uvm_phase::m_run_phases
# ** Warning: (vsim-8547) After dropping the illegal, ignore or invalid values, the values list associated with fixed-size array sub bin 'length_le_10[6]' in Coverpoint 'length' of Covergroup instance '\/cfs_apb_pkg::cfs_apb_coverage::cover_item ' has converged to empty list. The sub bin will be taken out of coverage calculation.
#    Time: 0 ns  Iteration: 7  Region: /uvm_pkg::uvm_phase::m_run_phases
# ** Warning: (vsim-8547) After dropping the illegal, ignore or invalid values, the values list associated with fixed-size array sub bin 'length_le_10[7]' in Coverpoint 'length' of Covergroup instance '\/cfs_apb_pkg::cfs_apb_coverage::cover_item ' has converged to empty list. The sub bin will be taken out of coverage calculation.
#    Time: 0 ns  Iteration: 7  Region: /uvm_pkg::uvm_phase::m_run_phases
# ** Warning: (vsim-8549) After dropping the illegal, ignore or invalid values, the values list associated with scalar bin 'length_gt_10' in Coverpoint 'length' of Covergroup instance '\/cfs_apb_pkg::cfs_apb_coverage::cover_item ' has converged to empty list. The bin will be taken out of coverage calculation.
#    Time: 0 ns  Iteration: 7  Region: /uvm_pkg::uvm_phase::m_run_phases
# ** Warning: (vsim-12051) Illegal assignment in cast to class work.cfs_md_pkg::cfs_md_sequencer_base_master from class work.uvm_ext_pkg::uvm_ext_sequencer #(class work.cfs_md_pkg::cfs_md_item_drv_master)
#    Time: 0 ns  Iteration: 32  Process: /uvm_pkg::uvm_phase::m_run_phases/#FORK#1847_7fefe426f1d File: ../env/cfs_algn_env.sv Line: 129
# ** Warning: (vsim-12051) Illegal assignment in cast to class work.cfs_md_pkg::cfs_md_sequencer_base_slave from class work.uvm_ext_pkg::uvm_ext_sequencer #(class work.cfs_md_pkg::cfs_md_item_drv_slave)
#    Time: 0 ns  Iteration: 32  Process: /uvm_pkg::uvm_phase::m_run_phases/#FORK#1847_7fefe426f1d File: ../env/cfs_algn_env.sv Line: 130
# UVM_INFO verilog_src/uvm-1.1d/src/reg/uvm_reg_predictor.svh(218) @ 165: uvm_test_top.env.predictor [REG_PREDICT] Observed WRITE transaction to register reg_block.IRQEN: value='h13 : updated value = 'h13
# ** Error: PENABLE at "Setup Phase" is not equal to 0
#    Time: 175 ns Started: 175 ns  Scope: testbench.apb_if.PENABLE_AT_SETUP_PHASE_A File: ../interface/cfs_apb_if.sv Line: 62
# ** Error: PENABLE when exiting "Access Phase" did not became 0
#    Time: 175 ns Started: 165 ns  Scope: testbench.apb_if.PENABLE_EXITING_SETUP_PHASE_A File: ../interface/cfs_apb_if.sv Line: 87
# UVM_INFO verilog_src/uvm-1.1d/src/reg/uvm_reg_predictor.svh(218) @ 185: uvm_test_top.env.predictor [REG_PREDICT] Observed WRITE transaction to register reg_block.IRQEN: value='h13 : updated value = 'h13
# ** Error: PENABLE when entering "Access Phase" did not became 1
#    Time: 185 ns Started: 175 ns  Scope: testbench.apb_if.PENABLE_ENTERING_SETUP_PHASE_A File: ../interface/cfs_apb_if.sv Line: 74
# ** Error: PENABLE at "Setup Phase" is not equal to 0
#    Time: 195 ns Started: 195 ns  Scope: testbench.apb_if.PENABLE_AT_SETUP_PHASE_A File: ../interface/cfs_apb_if.sv Line: 62
# UVM_INFO verilog_src/uvm-1.1d/src/reg/uvm_reg_predictor.svh(218) @ 205: uvm_test_top.env.predictor [REG_PREDICT] Observed WRITE transaction to register reg_block.CTRL: value='h2 : updated value = 'h2
# ** Error: PENABLE when entering "Access Phase" did not became 1
#    Time: 205 ns Started: 195 ns  Scope: testbench.apb_if.PENABLE_ENTERING_SETUP_PHASE_A File: ../interface/cfs_apb_if.sv Line: 74
# UVM_INFO verilog_src/uvm-1.1d/src/reg/uvm_reg_predictor.svh(218) @ 235: uvm_test_top.env.predictor [REG_PREDICT] Observed WRITE transaction to register reg_block.IRQ: value='hd : updated value = 'h0
# ** Error: PENABLE at "Setup Phase" is not equal to 0
#    Time: 245 ns Started: 245 ns  Scope: testbench.apb_if.PENABLE_AT_SETUP_PHASE_A File: ../interface/cfs_apb_if.sv Line: 62
# ** Error: PENABLE when exiting "Access Phase" did not became 0
#    Time: 245 ns Started: 235 ns  Scope: testbench.apb_if.PENABLE_EXITING_SETUP_PHASE_A File: ../interface/cfs_apb_if.sv Line: 87
# UVM_INFO verilog_src/uvm-1.1d/src/reg/uvm_reg_predictor.svh(218) @ 255: uvm_test_top.env.predictor [REG_PREDICT] Observed WRITE transaction to register reg_block.IRQ: value='hd : updated value = 'h0
# ** Error: PENABLE when entering "Access Phase" did not became 1
#    Time: 255 ns Started: 245 ns  Scope: testbench.apb_if.PENABLE_ENTERING_SETUP_PHASE_A File: ../interface/cfs_apb_if.sv Line: 74
# UVM_INFO verilog_src/uvm-1.1d/src/reg/uvm_reg_predictor.svh(223) @ 325: uvm_test_top.env.predictor [REG_PREDICT] Observed READ transaction to register reg_block.IRQEN: value='h13
# ** Error: PENABLE at "Setup Phase" is not equal to 0
#    Time: 335 ns Started: 335 ns  Scope: testbench.apb_if.PENABLE_AT_SETUP_PHASE_A File: ../interface/cfs_apb_if.sv Line: 62
# ** Error: PENABLE when exiting "Access Phase" did not became 0
#    Time: 335 ns Started: 325 ns  Scope: testbench.apb_if.PENABLE_EXITING_SETUP_PHASE_A File: ../interface/cfs_apb_if.sv Line: 87
# UVM_INFO verilog_src/uvm-1.1d/src/reg/uvm_reg_predictor.svh(223) @ 345: uvm_test_top.env.predictor [REG_PREDICT] Observed READ transaction to register reg_block.IRQEN: value='h13
# ** Error: PENABLE when entering "Access Phase" did not became 1
#    Time: 345 ns Started: 335 ns  Scope: testbench.apb_if.PENABLE_ENTERING_SETUP_PHASE_A File: ../interface/cfs_apb_if.sv Line: 74
# UVM_INFO verilog_src/uvm-1.1d/src/reg/uvm_reg_predictor.svh(218) @ 385: uvm_test_top.env.predictor [REG_PREDICT] Observed WRITE transaction to register reg_block.IRQEN: value='h0 : updated value = 'h0
# ** Error: PENABLE at "Setup Phase" is not equal to 0
#    Time: 395 ns Started: 395 ns  Scope: testbench.apb_if.PENABLE_AT_SETUP_PHASE_A File: ../interface/cfs_apb_if.sv Line: 62
# ** Error: PENABLE when exiting "Access Phase" did not became 0
#    Time: 395 ns Started: 385 ns  Scope: testbench.apb_if.PENABLE_EXITING_SETUP_PHASE_A File: ../interface/cfs_apb_if.sv Line: 87
# UVM_INFO verilog_src/uvm-1.1d/src/reg/uvm_reg_predictor.svh(218) @ 405: uvm_test_top.env.predictor [REG_PREDICT] Observed WRITE transaction to register reg_block.IRQEN: value='h0 : updated value = 'h0
# ** Error: PENABLE when entering "Access Phase" did not became 1
#    Time: 405 ns Started: 395 ns  Scope: testbench.apb_if.PENABLE_ENTERING_SETUP_PHASE_A File: ../interface/cfs_apb_if.sv Line: 74
# UVM_INFO verilog_src/uvm-1.1d/src/reg/uvm_reg_predictor.svh(218) @ 445: uvm_test_top.env.predictor [REG_PREDICT] Observed WRITE transaction to register reg_block.CTRL: value='h2 : updated value = 'h2
# ** Error: PENABLE at "Setup Phase" is not equal to 0
#    Time: 455 ns Started: 455 ns  Scope: testbench.apb_if.PENABLE_AT_SETUP_PHASE_A File: ../interface/cfs_apb_if.sv Line: 62
# ** Error: PENABLE when exiting "Access Phase" did not became 0
#    Time: 455 ns Started: 445 ns  Scope: testbench.apb_if.PENABLE_EXITING_SETUP_PHASE_A File: ../interface/cfs_apb_if.sv Line: 87
# UVM_INFO verilog_src/uvm-1.1d/src/reg/uvm_reg_predictor.svh(218) @ 465: uvm_test_top.env.predictor [REG_PREDICT] Observed WRITE transaction to register reg_block.CTRL: value='h2 : updated value = 'h2
# ** Error: PENABLE when entering "Access Phase" did not became 1
#    Time: 465 ns Started: 455 ns  Scope: testbench.apb_if.PENABLE_ENTERING_SETUP_PHASE_A File: ../interface/cfs_apb_if.sv Line: 74
# UVM_INFO verilog_src/uvm-1.1d/src/reg/uvm_reg_predictor.svh(223) @ 555: uvm_test_top.env.predictor [REG_PREDICT] Observed READ transaction to register reg_block.CTRL: value='h2
# ** Error: PENABLE at "Setup Phase" is not equal to 0
#    Time: 565 ns Started: 565 ns  Scope: testbench.apb_if.PENABLE_AT_SETUP_PHASE_A File: ../interface/cfs_apb_if.sv Line: 62
# ** Error: PENABLE when exiting "Access Phase" did not became 0
#    Time: 565 ns Started: 555 ns  Scope: testbench.apb_if.PENABLE_EXITING_SETUP_PHASE_A File: ../interface/cfs_apb_if.sv Line: 87
# UVM_INFO verilog_src/uvm-1.1d/src/reg/uvm_reg_predictor.svh(223) @ 575: uvm_test_top.env.predictor [REG_PREDICT] Observed READ transaction to register reg_block.CTRL: value='h2
# ** Error: PENABLE when entering "Access Phase" did not became 1
#    Time: 575 ns Started: 565 ns  Scope: testbench.apb_if.PENABLE_ENTERING_SETUP_PHASE_A File: ../interface/cfs_apb_if.sv Line: 74
# UVM_INFO ../agent_md/cfs_md_monitor.sv(88) @ 1135: uvm_test_top.env.md_rx_agent.monitor [ITEM_END] Monitored item: [1126..1135] data: {'hd2}, size: 1, offset: 0, response: CFS_MD_OKAY, length: 1, prev_item_delay: 109
# UVM_INFO ../model/cfs_algn_model.sv(483) @ 1145: uvm_test_top.env.model [SYNC] fifo reg level before pop: 8
# UVM_INFO ../model/cfs_algn_model.sv(765) @ 1145: uvm_test_top.env.model [RX_FIFO] RX FIFO pop - new level: 0, popped entry: [1126..1135] data: {'hd2}, size: 1, offset: 0, response: CFS_MD_OKAY, length: 1, prev_item_delay: 109
# UVM_INFO ../model/cfs_algn_model.sv(258) @ 1145: uvm_test_top.env.model [RX_FIFO] RX FIFO became empty - reg_block.IRQEN.RX_FIFO_EMPTY: 0
# UVM_INFO ../agent_md/cfs_md_monitor.sv(88) @ 1335: uvm_test_top.env.md_rx_agent.monitor [ITEM_END] Monitored item: [1326..1335] data: {'hec, 'hee, 'h30, 'h70}, size: 4, offset: 0, response: CFS_MD_OKAY, length: 1, prev_item_delay: 19
# UVM_INFO ../model/cfs_algn_model.sv(483) @ 1345: uvm_test_top.env.model [SYNC] fifo reg level before pop: 8
# UVM_INFO ../model/cfs_algn_model.sv(765) @ 1345: uvm_test_top.env.model [RX_FIFO] RX FIFO pop - new level: 0, popped entry: [1326..1335] data: {'hec, 'hee, 'h30, 'h70}, size: 4, offset: 0, response: CFS_MD_OKAY, length: 1, prev_item_delay: 19
# UVM_INFO ../model/cfs_algn_model.sv(879) @ 1345: uvm_test_top.env.model [DEBUG1] md_offset:         0, md_size:         4---------------------------------------------------------
# UVM_INFO ../model/cfs_algn_model.sv(855) @ 1345: uvm_test_top.env.model [DEBUG1] md_offset:         0, md_size:         1##########################################################
# UVM_INFO ../model/cfs_algn_model.sv(258) @ 1345: uvm_test_top.env.model [RX_FIFO] RX FIFO became empty - reg_block.IRQEN.RX_FIFO_EMPTY: 0
# UVM_INFO ../model/cfs_algn_model.sv(780) @ 1355: uvm_test_top.env.model [TX_FIFO] TX FIFO push - new level: 1, pushed entry: [1126..1335] data: {'hd2, 'hec}, size: 2, offset: 0, response: CFS_MD_OKAY, length: 0, prev_item_delay: 0
# UVM_INFO ../model/cfs_algn_model.sv(879) @ 1355: uvm_test_top.env.model [DEBUG1] md_offset:         1, md_size:         3---------------------------------------------------------
# UVM_INFO ../model/cfs_algn_model.sv(855) @ 1355: uvm_test_top.env.model [DEBUG1] md_offset:         1, md_size:         2##########################################################
# UVM_INFO ../agent_md/cfs_md_driver_slave.sv(45) @ 1356: uvm_test_top.env.md_tx_agent.driver [ITEM_START] Driving "uvm_test_top.env.md_tx_agent.sequencer.resp_seq.seq.seq.item": length: 2, response: CFS_MD_OKAY, ready_at_end: 0
# UVM_INFO ../model/cfs_algn_model.sv(780) @ 1365: uvm_test_top.env.model [TX_FIFO] TX FIFO push - new level: 2, pushed entry: [1326..1335] data: {'hee, 'h30}, size: 2, offset: 0, response: CFS_MD_OKAY, length: 0, prev_item_delay: 0
# UVM_INFO ../model/cfs_algn_model.sv(795) @ 1385: uvm_test_top.env.model [TX_FIFO] TX FIFO pop - new level: 1, popped entry: [1126..1335] data: {'hd2, 'hec}, size: 2, offset: 0, response: CFS_MD_OKAY, length: 0, prev_item_delay: 0
# UVM_INFO ../agent_md/cfs_md_monitor.sv(88) @ 1385: uvm_test_top.env.md_tx_agent.monitor [ITEM_END] Monitored item: [1356..1385] data: {'hd2, 'hec}, size: 2, offset: 0, response: CFS_MD_OKAY, length: 3, prev_item_delay: 132
# UVM_INFO ../agent_md/cfs_md_driver_slave.sv(45) @ 1386: uvm_test_top.env.md_tx_agent.driver [ITEM_START] Driving "uvm_test_top.env.md_tx_agent.sequencer.resp_seq.seq.seq.item": length: 2, response: CFS_MD_ERR, ready_at_end: 0
# UVM_INFO ../model/cfs_algn_model.sv(795) @ 1415: uvm_test_top.env.model [TX_FIFO] TX FIFO pop - new level: 0, popped entry: [1326..1335] data: {'hee, 'h30}, size: 2, offset: 0, response: CFS_MD_OKAY, length: 0, prev_item_delay: 0
# UVM_INFO ../agent_md/cfs_md_monitor.sv(88) @ 1415: uvm_test_top.env.md_tx_agent.monitor [ITEM_END] Monitored item: [1386..1415] data: {'hee, 'h30}, size: 2, offset: 0, response: CFS_MD_ERR, length: 3, prev_item_delay: 0
# UVM_INFO ../model/cfs_algn_model.sv(312) @ 1415: uvm_test_top.env.model [TX_FIFO] TX FIFO became empty - reg_block.IRQEN.TX_FIFO_EMPTY: 0
# UVM_INFO verilog_src/uvm-1.1d/src/reg/uvm_reg_predictor.svh(218) @ 1515: uvm_test_top.env.predictor [REG_PREDICT] Observed WRITE transaction to register reg_block.CTRL: value='h4 : updated value = 'h4
# ** Error: PENABLE at "Setup Phase" is not equal to 0
#    Time: 1525 ns Started: 1525 ns  Scope: testbench.apb_if.PENABLE_AT_SETUP_PHASE_A File: ../interface/cfs_apb_if.sv Line: 62
# ** Error: PENABLE when exiting "Access Phase" did not became 0
#    Time: 1525 ns Started: 1515 ns  Scope: testbench.apb_if.PENABLE_EXITING_SETUP_PHASE_A File: ../interface/cfs_apb_if.sv Line: 87
# UVM_INFO verilog_src/uvm-1.1d/src/reg/uvm_reg_predictor.svh(218) @ 1535: uvm_test_top.env.predictor [REG_PREDICT] Observed WRITE transaction to register reg_block.CTRL: value='h4 : updated value = 'h4
# ** Error: PENABLE when entering "Access Phase" did not became 1
#    Time: 1535 ns Started: 1525 ns  Scope: testbench.apb_if.PENABLE_ENTERING_SETUP_PHASE_A File: ../interface/cfs_apb_if.sv Line: 74
# UVM_INFO ../agent_md/cfs_md_monitor.sv(88) @ 1585: uvm_test_top.env.md_rx_agent.monitor [ITEM_END] Monitored item: [1576..1585] data: {'h4e, 'he0, 'h08, 'hf9}, size: 4, offset: 0, response: CFS_MD_OKAY, length: 1, prev_item_delay: 24
# UVM_INFO ../model/cfs_algn_model.sv(483) @ 1595: uvm_test_top.env.model [SYNC] fifo reg level before pop: 8
# UVM_INFO ../model/cfs_algn_model.sv(765) @ 1595: uvm_test_top.env.model [RX_FIFO] RX FIFO pop - new level: 0, popped entry: [1576..1585] data: {'h4e, 'he0, 'h08, 'hf9}, size: 4, offset: 0, response: CFS_MD_OKAY, length: 1, prev_item_delay: 24
# UVM_INFO ../model/cfs_algn_model.sv(879) @ 1595: uvm_test_top.env.model [DEBUG1] md_offset:         0, md_size:         4---------------------------------------------------------
# UVM_INFO ../model/cfs_algn_model.sv(855) @ 1595: uvm_test_top.env.model [DEBUG1] md_offset:         0, md_size:         3##########################################################
# UVM_INFO ../model/cfs_algn_model.sv(258) @ 1595: uvm_test_top.env.model [RX_FIFO] RX FIFO became empty - reg_block.IRQEN.RX_FIFO_EMPTY: 0
# UVM_INFO ../model/cfs_algn_model.sv(780) @ 1605: uvm_test_top.env.model [TX_FIFO] TX FIFO push - new level: 1, pushed entry: [1326..1585] data: {'h70, 'h4e, 'he0, 'h08}, size: 4, offset: 0, response: CFS_MD_OKAY, length: 0, prev_item_delay: 0
# UVM_INFO ../agent_md/cfs_md_driver_slave.sv(45) @ 1606: uvm_test_top.env.md_tx_agent.driver [ITEM_START] Driving "uvm_test_top.env.md_tx_agent.sequencer.resp_seq.seq.seq.item": length: 5, response: CFS_MD_ERR, ready_at_end: 1
# UVM_INFO ../model/cfs_algn_model.sv(795) @ 1665: uvm_test_top.env.model [TX_FIFO] TX FIFO pop - new level: 0, popped entry: [1326..1585] data: {'h70, 'h4e, 'he0, 'h08}, size: 4, offset: 0, response: CFS_MD_OKAY, length: 0, prev_item_delay: 0
# UVM_INFO ../agent_md/cfs_md_monitor.sv(88) @ 1665: uvm_test_top.env.md_tx_agent.monitor [ITEM_END] Monitored item: [1606..1665] data: {'h70, 'h4e, 'he0, 'h08}, size: 4, offset: 0, response: CFS_MD_ERR, length: 6, prev_item_delay: 19
# UVM_INFO ../model/cfs_algn_model.sv(312) @ 1665: uvm_test_top.env.model [TX_FIFO] TX FIFO became empty - reg_block.IRQEN.TX_FIFO_EMPTY: 0
# UVM_INFO verilog_src/uvm-1.1d/src/base/uvm_objection.svh(1267) @ 2085: reporter [TEST_DONE] 'run' phase is ready to proceed to the 'extract' phase
# 
# --- UVM Report Summary ---
# 
# Quit count :     0 of     1
# ** Report counts by severity
# UVM_INFO :   52
# UVM_WARNING :    0
# UVM_ERROR :    0
# UVM_FATAL :    0
# ** Report counts by id
# [DEBUG1]     6
# [ITEM_END]     6
# [ITEM_START]     3
# [MAXQUITSET]     1
# [Questa UVM]     2
# [REG_PREDICT]    15
# [RNTST]     1
# [RX_FIFO]     6
# [SYNC]     3
# [TEST_DONE]     1
# [TX_FIFO]     8
# ** Note: $finish    : /home/paranthapa/Downloads/questasim/linux_x86_64/../verilog_src/uvm-1.1d/src/base/uvm_root.svh(430)
#    Time: 2085 ns  Iteration: 54  Instance: /testbench
# Saving coverage database on exit...
# End time: 14:36:25 on Jul 03,2026, Elapsed time: 0:00:07
# Errors: 23, Warnings: 19
make[1]: Leaving directory '/home/paranthapa/Documents/aligner_repo-main/tb/sim'
